<testsuites id="" name="" tests="5" failures="5" skipped="0" errors="0" time="13.939558">
<testsuite name="executive-journey.spec.ts" timestamp="2025-08-01T12:33:39.988Z" hostname="chromium" tests="1" failures="1" skipped="0" time="0.002" errors="0">
<testcase name="Executive User Journey - Private Jet Experience › Landing page displays private-jet hero with sunset gradient and runway animations" classname="executive-journey.spec.ts" time="0.002">
<failure message="executive-journey.spec.ts:12:7 Landing page displays private-jet hero with sunset gradient and runway animations" type="FAILURE">
<![CDATA[  [chromium] › executive-journey.spec.ts:12:7 › Executive User Journey - Private Jet Experience › Landing page displays private-jet hero with sunset gradient and runway animations 

    Error: browserType.launch: Executable doesn't exist at /Users/henryvantieghem/Library/Caches/ms-playwright/chromium_headless_shell-1181/chrome-mac/headless_shell
    ╔═════════════════════════════════════════════════════════════════════════╗
    ║ Looks like Playwright Test or Playwright was just installed or updated. ║
    ║ Please run the following command to download new browsers:              ║
    ║                                                                         ║
    ║     npx playwright install                                              ║
    ║                                                                         ║
    ║ <3 Playwright Team                                                      ║
    ╚═════════════════════════════════════════════════════════════════════════╝
]]>
</failure>
</testcase>
</testsuite>
<testsuite name="executive-journey.spec.ts" timestamp="2025-08-01T12:33:39.988Z" hostname="firefox" tests="1" failures="1" skipped="0" time="0.002" errors="0">
<testcase name="Executive User Journey - Private Jet Experience › Landing page displays private-jet hero with sunset gradient and runway animations" classname="executive-journey.spec.ts" time="0.002">
<failure message="executive-journey.spec.ts:12:7 Landing page displays private-jet hero with sunset gradient and runway animations" type="FAILURE">
<![CDATA[  [firefox] › executive-journey.spec.ts:12:7 › Executive User Journey - Private Jet Experience › Landing page displays private-jet hero with sunset gradient and runway animations 

    Error: browserType.launch: Executable doesn't exist at /Users/henryvantieghem/Library/Caches/ms-playwright/firefox-1489/firefox/Nightly.app/Contents/MacOS/firefox
    ╔═════════════════════════════════════════════════════════════════════════╗
    ║ Looks like Playwright Test or Playwright was just installed or updated. ║
    ║ Please run the following command to download new browsers:              ║
    ║                                                                         ║
    ║     npx playwright install                                              ║
    ║                                                                         ║
    ║ <3 Playwright Team                                                      ║
    ╚═════════════════════════════════════════════════════════════════════════╝
]]>
</failure>
</testcase>
</testsuite>
<testsuite name="executive-journey.spec.ts" timestamp="2025-08-01T12:33:39.988Z" hostname="webkit" tests="1" failures="1" skipped="0" time="0.002" errors="0">
<testcase name="Executive User Journey - Private Jet Experience › Landing page displays private-jet hero with sunset gradient and runway animations" classname="executive-journey.spec.ts" time="0.002">
<failure message="executive-journey.spec.ts:12:7 Landing page displays private-jet hero with sunset gradient and runway animations" type="FAILURE">
<![CDATA[  [webkit] › executive-journey.spec.ts:12:7 › Executive User Journey - Private Jet Experience › Landing page displays private-jet hero with sunset gradient and runway animations 

    Error: browserType.launch: Executable doesn't exist at /Users/henryvantieghem/Library/Caches/ms-playwright/webkit-2191/pw_run.sh
    ╔═════════════════════════════════════════════════════════════════════════╗
    ║ Looks like Playwright Test or Playwright was just installed or updated. ║
    ║ Please run the following command to download new browsers:              ║
    ║                                                                         ║
    ║     npx playwright install                                              ║
    ║                                                                         ║
    ║ <3 Playwright Team                                                      ║
    ╚═════════════════════════════════════════════════════════════════════════╝
]]>
</failure>
</testcase>
</testsuite>
<testsuite name="executive-journey.spec.ts" timestamp="2025-08-01T12:33:39.988Z" hostname="Mobile Chrome" tests="1" failures="1" skipped="0" time="0.004" errors="0">
<testcase name="Executive User Journey - Private Jet Experience › Landing page displays private-jet hero with sunset gradient and runway animations" classname="executive-journey.spec.ts" time="0.004">
<failure message="executive-journey.spec.ts:12:7 Landing page displays private-jet hero with sunset gradient and runway animations" type="FAILURE">
<![CDATA[  [Mobile Chrome] › executive-journey.spec.ts:12:7 › Executive User Journey - Private Jet Experience › Landing page displays private-jet hero with sunset gradient and runway animations 

    Error: browserType.launch: Executable doesn't exist at /Users/henryvantieghem/Library/Caches/ms-playwright/chromium_headless_shell-1181/chrome-mac/headless_shell
    ╔═════════════════════════════════════════════════════════════════════════╗
    ║ Looks like Playwright Test or Playwright was just installed or updated. ║
    ║ Please run the following command to download new browsers:              ║
    ║                                                                         ║
    ║     npx playwright install                                              ║
    ║                                                                         ║
    ║ <3 Playwright Team                                                      ║
    ╚═════════════════════════════════════════════════════════════════════════╝
]]>
</failure>
</testcase>
</testsuite>
<testsuite name="executive-journey.spec.ts" timestamp="2025-08-01T12:33:39.988Z" hostname="Mobile Safari" tests="1" failures="1" skipped="0" time="0.002" errors="0">
<testcase name="Executive User Journey - Private Jet Experience › Landing page displays private-jet hero with sunset gradient and runway animations" classname="executive-journey.spec.ts" time="0.002">
<failure message="executive-journey.spec.ts:12:7 Landing page displays private-jet hero with sunset gradient and runway animations" type="FAILURE">
<![CDATA[  [Mobile Safari] › executive-journey.spec.ts:12:7 › Executive User Journey - Private Jet Experience › Landing page displays private-jet hero with sunset gradient and runway animations 

    Error: browserType.launch: Executable doesn't exist at /Users/henryvantieghem/Library/Caches/ms-playwright/webkit-2191/pw_run.sh
    ╔═════════════════════════════════════════════════════════════════════════╗
    ║ Looks like Playwright Test or Playwright was just installed or updated. ║
    ║ Please run the following command to download new browsers:              ║
    ║                                                                         ║
    ║     npx playwright install                                              ║
    ║                                                                         ║
    ║ <3 Playwright Team                                                      ║
    ╚═════════════════════════════════════════════════════════════════════════╝
]]>
</failure>
</testcase>
</testsuite>
</testsuites>